<?xml version="1.0" encoding="UTF-8"?>
<testsuites name="Mocha Tests" time="0.022" tests="6" failures="0">
  <testsuite name="Root Suite" timestamp="2016-08-15T14:19:00" tests="0" failures="0" time="0">
  </testsuite>
  <testsuite name="Testing DB Functions" timestamp="2016-08-15T14:19:00" tests="6" failures="0" time="0.022">
    <testcase name="Root Suite Testing DB Functions testing db#findById handling non-db case" time="0.003" classname="testing db#findById handling non-db case">
    </testcase>
    <testcase name="Root Suite Testing DB Functions testing db#findById handling empty parameters case" time="0" classname="testing db#findById handling empty parameters case">
    </testcase>
    <testcase name="Root Suite Testing DB Functions testing db#create with empty id should generate an error." time="0.006" classname="testing db#create with empty id should generate an error.">
    </testcase>
    <testcase name="Root Suite Testing DB Functions testing db#findById" time="0.007" classname="testing db#findById">
    </testcase>
    <testcase name="Root Suite Testing DB Functions testing db#exist" time="0.003" classname="testing db#exist">
    </testcase>
    <testcase name="Root Suite Testing DB Functions testing db#find" time="0.003" classname="testing db#find">
    </testcase>
  </testsuite>
</testsuites>